[e-commerce-b34262.ingress-erytho.ewp.live/index.html]
[backblue.gif]
[fade.gif]
[index.html]
[e-commerce-b34262.ingress-erytho.ewp.live/wp-content/themes/astra/assets/css/minified/frontend.min3fd0.css]
[e-commerce-b34262.ingress-erytho.ewp.live/comments/feed/index.html]
[e-commerce-b34262.ingress-erytho.ewp.live/feed/index.html]
[e-commerce-b34262.ingress-erytho.ewp.live/wp-content/themes/astra/assets/fonts/astra.woff]
[e-commerce-b34262.ingress-erytho.ewp.live/wp-includes/css/dist/block-library/style.minf049.css]
[e-commerce-b34262.ingress-erytho.ewp.live/wp-content/plugins/woocommerce/packages/woocommerce-blocks/build/wc-blocks-vendors-style7ef2.css]
[e-commerce-b34262.ingress-erytho.ewp.live/wp-content/plugins/woocommerce/packages/woocommerce-blocks/build/wc-blocks-style7ef2.css]
[e-commerce-b34262.ingress-erytho.ewp.live/wp-content/plugins/wpforms-lite/assets/css/wpforms-base.mine945.css]
[e-commerce-b34262.ingress-erytho.ewp.live/wp-content/themes/astra/assets/css/minified/compatibility/woocommerce/woocommerce-layout.min3fd0.css]
[e-commerce-b34262.ingress-erytho.ewp.live/wp-content/themes/astra/assets/css/minified/compatibility/woocommerce/woocommerce-smallscreen.min3fd0.css]
[e-commerce-b34262.ingress-erytho.ewp.live/wp-content/themes/astra/assets/css/minified/compatibility/woocommerce/woocommerce.min3fd0.css]
[e-commerce-b34262.ingress-erytho.ewp.live/wp-content/plugins/elementor/assets/lib/eicons/css/elementor-icons.min7816.css]
[e-commerce-b34262.ingress-erytho.ewp.live/wp-content/plugins/elementor/assets/css/frontend-lite.min1ed5.css]
[e-commerce-b34262.ingress-erytho.ewp.live/wp-content/uploads/elementor/css/post-2674c8b1.css]
[e-commerce-b34262.ingress-erytho.ewp.live/wp-content/uploads/elementor/css/post-26790a5c.css]
[e-commerce-b34262.ingress-erytho.ewp.live/wp-content/plugins/elementor/assets/lib/font-awesome/css/fontawesome.min52d5.css]
[e-commerce-b34262.ingress-erytho.ewp.live/wp-content/plugins/elementor/assets/lib/font-awesome/css/solid.min52d5.css]
[e-commerce-b34262.ingress-erytho.ewp.live/wp-content/plugins/elementor/assets/lib/font-awesome/css/regular.min52d5.css]
[e-commerce-b34262.ingress-erytho.ewp.live/wp-includes/js/jquery/jquery.minaf6c.js]
[e-commerce-b34262.ingress-erytho.ewp.live/wp-includes/js/jquery/jquery-migrate.mind617.js]
[e-commerce-b34262.ingress-erytho.ewp.live/wp-json/wp/v2/pages/2679.json]
[e-commerce-b34262.ingress-erytho.ewp.live/wp-json/index.html]
[e-commerce-b34262.ingress-erytho.ewp.live/xmlrpc0db0.php]
[e-commerce-b34262.ingress-erytho.ewp.live/wp-includes/wlwmanifest.xml]
[e-commerce-b34262.ingress-erytho.ewp.live/wp-json/oembed/1.0/embed16c9.json]
[e-commerce-b34262.ingress-erytho.ewp.live/wp-json/oembed/1.0/embed5638]
[e-commerce-b34262.ingress-erytho.ewp.live/wp-content/uploads/2022/06/R-1-120x91.png]
[e-commerce-b34262.ingress-erytho.ewp.live/shop-2/index.html]
[e-commerce-b34262.ingress-erytho.ewp.live/about-us/index.html]
[e-commerce-b34262.ingress-erytho.ewp.live/wp-content/plugins/elementor/assets/css/widget-icon-list.min.css]
[e-commerce-b34262.ingress-erytho.ewp.live/contact/index.html]
[e-commerce-b34262.ingress-erytho.ewp.live/product/kryo-x26-mtb-model-k/index.html]
[e-commerce-b34262.ingress-erytho.ewp.live/wp-content/uploads/2021/03/OIP-9-300x300.jpg]
[e-commerce-b34262.ingress-erytho.ewp.live/wp-content/uploads/2022/06/Honda-Moto-Sports-Wallpaper-300x300.jpg]
[e-commerce-b34262.ingress-erytho.ewp.live/product/kryo-x26-mtb-model-x/index.html]
[e-commerce-b34262.ingress-erytho.ewp.live/wp-content/uploads/2021/03/2018-KTM-125-SX1-300x300.jpg]
[e-commerce-b34262.ingress-erytho.ewp.live/product/kryo-x26-mtb-model-z/index.html]
[e-commerce-b34262.ingress-erytho.ewp.live/wp-content/uploads/2021/03/314377a05c4447fabf83aa72fb19a41b-300x290.jpg]
[e-commerce-b34262.ingress-erytho.ewp.live/product/ktm-x26-mtb-model-y/index.html]
[e-commerce-b34262.ingress-erytho.ewp.live/wp-content/plugins/elementor/assets/css/widget-icon-box.min.css]
[e-commerce-b34262.ingress-erytho.ewp.live/wp-content/uploads/2021/03/2018-KTM-125-SX1-1-300x300.jpg]
[e-commerce-b34262.ingress-erytho.ewp.live/product/bicycle-gloves-red/index.html]
[e-commerce-b34262.ingress-erytho.ewp.live/wp-content/uploads/2021/04/ec95326e-ea49-4d9f-9a96-8c745df967d6_1.a019ade8c185a9283b1262ecb55265fe-300x300.jpg]
[e-commerce-b34262.ingress-erytho.ewp.live/product/bicycle-helmet-red/index.html]
[e-commerce-b34262.ingress-erytho.ewp.live/product/bicycle-helmet-pink/index.html]
[e-commerce-b34262.ingress-erytho.ewp.live/wp-content/uploads/2021/03/thumbnail.jpg]
[e-commerce-b34262.ingress-erytho.ewp.live/wp-content/uploads/2021/04/OIP-11-300x300.jpg]
[e-commerce-b34262.ingress-erytho.ewp.live/wp-content/themes/astra/assets/js/minified/frontend.min3fd0.js]
[e-commerce-b34262.ingress-erytho.ewp.live/product/bicycle-helmet-sky-blue/index.html]
[e-commerce-b34262.ingress-erytho.ewp.live/wp-content/plugins/woocommerce/assets/js/jquery-blockui/jquery.blockUI.min437d.js]
[e-commerce-b34262.ingress-erytho.ewp.live/wp-content/plugins/woocommerce/assets/js/frontend/add-to-cart.min31dc.js]
[e-commerce-b34262.ingress-erytho.ewp.live/wp-content/plugins/woocommerce/assets/js/js-cookie/js.cookie.min2aac.js]
[e-commerce-b34262.ingress-erytho.ewp.live/wp-content/plugins/woocommerce/assets/js/frontend/woocommerce.min31dc.js]
[e-commerce-b34262.ingress-erytho.ewp.live/wp-content/plugins/woocommerce/assets/js/frontend/cart-fragments.min31dc.js]
[e-commerce-b34262.ingress-erytho.ewp.live/wp-content/plugins/elementor/assets/js/webpack.runtime.min1ed5.js]
[e-commerce-b34262.ingress-erytho.ewp.live/wp-content/plugins/elementor/assets/js/frontend-modules.min1ed5.js]
[e-commerce-b34262.ingress-erytho.ewp.live/wp-content/plugins/elementor/assets/lib/waypoints/waypoints.min05da.js]
[e-commerce-b34262.ingress-erytho.ewp.live/wp-includes/js/jquery/ui/core.min0028.js]
[e-commerce-b34262.ingress-erytho.ewp.live/wp-content/plugins/elementor/assets/js/frontend.min1ed5.js]
[e-commerce-b34262.ingress-erytho.ewp.live/wp-includes/js/underscore.minb37e.js]
[e-commerce-b34262.ingress-erytho.ewp.live/wp-includes/js/wp-util.minf049.js]
[e-commerce-b34262.ingress-erytho.ewp.live/wp-content/plugins/wpforms-lite/assets/js/integrations/elementor/frontend.mine945.js]
[e-commerce-b34262.ingress-erytho.ewp.live/index.html]
[e-commerce-b34262.ingress-erytho.ewp.live/wp-content/themes/astra/assets/css/minified/frontend.min3fd0.css]
[e-commerce-b34262.ingress-erytho.ewp.live/wp-includes/css/dist/block-library/style.minf049.css]
[e-commerce-b34262.ingress-erytho.ewp.live/wp-content/plugins/woocommerce/packages/woocommerce-blocks/build/wc-blocks-vendors-style7ef2.css]
[e-commerce-b34262.ingress-erytho.ewp.live/wp-content/plugins/woocommerce/packages/woocommerce-blocks/build/wc-blocks-style7ef2.css]
[e-commerce-b34262.ingress-erytho.ewp.live/wp-content/plugins/wpforms-lite/assets/images/times-solid-white.svg]
[e-commerce-b34262.ingress-erytho.ewp.live/wp-content/plugins/wpforms-lite/assets/css/wpforms-base.mine945.css]
[e-commerce-b34262.ingress-erytho.ewp.live/wp-content/themes/astra/assets/css/minified/compatibility/woocommerce/woocommerce-layout.min3fd0.css]
[e-commerce-b34262.ingress-erytho.ewp.live/wp-content/themes/astra/assets/css/minified/compatibility/woocommerce/woocommerce-smallscreen.min3fd0.css]
[e-commerce-b34262.ingress-erytho.ewp.live/wp-content/plugins/woocommerce/assets/fonts/star.eot]
[e-commerce-b34262.ingress-erytho.ewp.live/wp-content/plugins/woocommerce/assets/fonts/stard41d.eot]
[e-commerce-b34262.ingress-erytho.ewp.live/wp-content/plugins/woocommerce/assets/fonts/star.woff]
[e-commerce-b34262.ingress-erytho.ewp.live/wp-content/plugins/woocommerce/assets/fonts/star.ttf]
[e-commerce-b34262.ingress-erytho.ewp.live/wp-content/plugins/woocommerce/assets/fonts/star.svg]
[e-commerce-b34262.ingress-erytho.ewp.live/wp-content/plugins/woocommerce/assets/fonts/WooCommerce.eot]
[e-commerce-b34262.ingress-erytho.ewp.live/wp-content/plugins/woocommerce/assets/fonts/WooCommerced41d.eot]
[e-commerce-b34262.ingress-erytho.ewp.live/wp-content/plugins/woocommerce/assets/fonts/WooCommerce.woff]
[e-commerce-b34262.ingress-erytho.ewp.live/wp-content/plugins/woocommerce/assets/fonts/WooCommerce.ttf]
[e-commerce-b34262.ingress-erytho.ewp.live/wp-content/plugins/woocommerce/assets/fonts/WooCommerce.svg]
[e-commerce-b34262.ingress-erytho.ewp.live/wp-content/plugins/woocommerce/assets/css/photoswipe/default-skin/default-skin.png]
[e-commerce-b34262.ingress-erytho.ewp.live/wp-content/plugins/woocommerce/assets/images/icons/credit-cards/visa.svg]
[e-commerce-b34262.ingress-erytho.ewp.live/wp-content/plugins/woocommerce/assets/images/icons/credit-cards/mastercard.svg]
[e-commerce-b34262.ingress-erytho.ewp.live/wp-content/plugins/woocommerce/assets/images/icons/credit-cards/laser.svg]
[e-commerce-b34262.ingress-erytho.ewp.live/wp-content/plugins/woocommerce/assets/images/icons/credit-cards/diners.svg]
[e-commerce-b34262.ingress-erytho.ewp.live/wp-content/plugins/woocommerce/assets/images/icons/credit-cards/maestro.svg]
[e-commerce-b34262.ingress-erytho.ewp.live/wp-content/plugins/woocommerce/assets/images/icons/credit-cards/jcb.svg]
[e-commerce-b34262.ingress-erytho.ewp.live/wp-content/plugins/woocommerce/assets/images/icons/credit-cards/amex.svg]
[e-commerce-b34262.ingress-erytho.ewp.live/wp-content/plugins/woocommerce/assets/images/icons/credit-cards/discover.svg]
[e-commerce-b34262.ingress-erytho.ewp.live/wp-content/themes/astra/assets/css/minified/compatibility/woocommerce/woocommerce.min3fd0.css]
[e-commerce-b34262.ingress-erytho.ewp.live/wp-content/plugins/elementor/assets/lib/eicons/fonts/eicons5519.woff2]
[e-commerce-b34262.ingress-erytho.ewp.live/wp-content/plugins/elementor/assets/lib/eicons/fonts/eicons5519.eot]
[e-commerce-b34262.ingress-erytho.ewp.live/wp-content/plugins/elementor/assets/lib/eicons/fonts/eicons5519.woff]
[e-commerce-b34262.ingress-erytho.ewp.live/wp-content/plugins/elementor/assets/lib/eicons/fonts/eicons5519.ttf]
[e-commerce-b34262.ingress-erytho.ewp.live/wp-content/plugins/elementor/assets/lib/eicons/css/elementor-icons.min7816.css]
[e-commerce-b34262.ingress-erytho.ewp.live/wp-content/plugins/elementor/assets/css/frontend-lite.min1ed5.css]
[e-commerce-b34262.ingress-erytho.ewp.live/wp-content/uploads/elementor/css/post-2674c8b1.css]
[e-commerce-b34262.ingress-erytho.ewp.live/wp-content/plugins/elementor/assets/lib/eicons/fonts/eicons5519.svg]
[e-commerce-b34262.ingress-erytho.ewp.live/wp-content/uploads/2022/06/R-1.jpg]
[e-commerce-b34262.ingress-erytho.ewp.live/wp-content/uploads/2022/06/maxresdefault.jpg]
[e-commerce-b34262.ingress-erytho.ewp.live/wp-content/uploads/2022/06/Honda-Moto-Sports-Wallpaper.jpg]
[e-commerce-b34262.ingress-erytho.ewp.live/wp-content/uploads/2022/06/Mountain-Bike-Wallpaper-and-Pictures-25.jpg]
[e-commerce-b34262.ingress-erytho.ewp.live/wp-content/uploads/2022/06/india_made_bmw_bike_1531978339-scaled.jpg]
[e-commerce-b34262.ingress-erytho.ewp.live/wp-content/uploads/2022/06/OIP-7.jpg]
[e-commerce-b34262.ingress-erytho.ewp.live/wp-content/uploads/2022/06/R-2.jpg]
[e-commerce-b34262.ingress-erytho.ewp.live/wp-content/uploads/2022/06/e6c4e9bcd16c52c0eb2cf208dca93e0c-1.jpg]
[e-commerce-b34262.ingress-erytho.ewp.live/wp-content/uploads/2022/06/OIP-8.jpg]
[e-commerce-b34262.ingress-erytho.ewp.live/wp-content/uploads/2022/06/102713-motogp-2013-motegi-f.webp]
[e-commerce-b34262.ingress-erytho.ewp.live/wp-content/uploads/elementor/css/post-26790a5c.css]
[e-commerce-b34262.ingress-erytho.ewp.live/wp-content/plugins/elementor/assets/lib/font-awesome/css/fontawesome.min52d5.css]
[e-commerce-b34262.ingress-erytho.ewp.live/wp-content/plugins/elementor/assets/lib/font-awesome/webfonts/fa-solid-900.eot]
[e-commerce-b34262.ingress-erytho.ewp.live/wp-content/plugins/elementor/assets/lib/font-awesome/webfonts/fa-solid-900d41d.eot]
[e-commerce-b34262.ingress-erytho.ewp.live/wp-content/plugins/elementor/assets/lib/font-awesome/webfonts/fa-solid-900.woff2]
[e-commerce-b34262.ingress-erytho.ewp.live/wp-content/plugins/elementor/assets/lib/font-awesome/webfonts/fa-solid-900.woff]
[e-commerce-b34262.ingress-erytho.ewp.live/wp-content/plugins/elementor/assets/lib/font-awesome/webfonts/fa-solid-900.ttf]
[e-commerce-b34262.ingress-erytho.ewp.live/wp-content/plugins/elementor/assets/lib/font-awesome/css/solid.min52d5.css]
[e-commerce-b34262.ingress-erytho.ewp.live/wp-content/plugins/elementor/assets/lib/font-awesome/webfonts/fa-solid-900.svg]
[e-commerce-b34262.ingress-erytho.ewp.live/wp-content/plugins/elementor/assets/lib/font-awesome/webfonts/fa-regular-400.eot]
[e-commerce-b34262.ingress-erytho.ewp.live/wp-content/plugins/elementor/assets/lib/font-awesome/webfonts/fa-regular-400d41d.eot]
[e-commerce-b34262.ingress-erytho.ewp.live/wp-content/plugins/elementor/assets/lib/font-awesome/webfonts/fa-regular-400.woff2]
[e-commerce-b34262.ingress-erytho.ewp.live/wp-content/plugins/elementor/assets/lib/font-awesome/webfonts/fa-regular-400.woff]
[e-commerce-b34262.ingress-erytho.ewp.live/wp-content/plugins/elementor/assets/lib/font-awesome/webfonts/fa-regular-400.ttf]
[e-commerce-b34262.ingress-erytho.ewp.live/wp-content/plugins/elementor/assets/lib/font-awesome/css/regular.min52d5.css]
[e-commerce-b34262.ingress-erytho.ewp.live/wp-content/plugins/elementor/assets/lib/font-awesome/webfonts/fa-regular-400.svg]
[e-commerce-b34262.ingress-erytho.ewp.live/shop-2/feed/index.html]
[e-commerce-b34262.ingress-erytho.ewp.live/wp-content/uploads/2022/06/51vptJ96u8L._SL240_-300x300.jpg]
[e-commerce-b34262.ingress-erytho.ewp.live/product/hwk-mesh-motorcycle-jacket-riding-air-motorbike-jacket-biker-ce/index.html]
[e-commerce-b34262.ingress-erytho.ewp.live/wp-content/uploads/2021/04/61Xqb3HwhbL._AC_SX425_-300x300.jpg]
[e-commerce-b34262.ingress-erytho.ewp.live/product/bicycle-gloves-yellow/index.html]
[e-commerce-b34262.ingress-erytho.ewp.live/wp-content/uploads/2021/04/il_fullxfull.3998042719_gzk8-300x300.webp]
[e-commerce-b34262.ingress-erytho.ewp.live/product/bicycle-gloves-pink/index.html]
[e-commerce-b34262.ingress-erytho.ewp.live/wp-content/uploads/2022/06/61Xqb3HwhbL._AC_SX425_-300x300.jpg]
[e-commerce-b34262.ingress-erytho.ewp.live/shop-2/index.html]
[e-commerce-b34262.ingress-erytho.ewp.live/product/motorcycle-jacket-mens-riding-hwk-textile-racing-motorbike-hi-vis-biker-ce-armored-waterproof-jackets/index.html]
[e-commerce-b34262.ingress-erytho.ewp.live/wp-content/uploads/elementor/css/post-209ca5.css]
[e-commerce-b34262.ingress-erytho.ewp.live/shop-2/page/2/index.html]
[e-commerce-b34262.ingress-erytho.ewp.live/wp-json/wp/v2/pages/20.json]
[e-commerce-b34262.ingress-erytho.ewp.live/wp-json/oembed/1.0/embed74eb.json]
[e-commerce-b34262.ingress-erytho.ewp.live/wp-json/oembed/1.0/embed7f00]
[e-commerce-b34262.ingress-erytho.ewp.live/about-us/index.html]
[e-commerce-b34262.ingress-erytho.ewp.live/wp-content/uploads/elementor/css/post-24da4d.css]
[e-commerce-b34262.ingress-erytho.ewp.live/wp-json/wp/v2/pages/24.json]
[e-commerce-b34262.ingress-erytho.ewp.live/wp-json/oembed/1.0/embedfced.json]
[e-commerce-b34262.ingress-erytho.ewp.live/wp-json/oembed/1.0/embed1991]
[e-commerce-b34262.ingress-erytho.ewp.live/wp-content/plugins/wpforms-lite/assets/js/jquery.validate.min6134.js]
[e-commerce-b34262.ingress-erytho.ewp.live/wp-content/plugins/wpforms-lite/assets/js/mailcheck.mincfa9.js]
[e-commerce-b34262.ingress-erytho.ewp.live/wp-content/plugins/wpforms-lite/assets/js/punycode.min8a54.js]
[e-commerce-b34262.ingress-erytho.ewp.live/wp-content/plugins/wpforms-lite/assets/js/wpforms.mine945.js]
[e-commerce-b34262.ingress-erytho.ewp.live/contact/index.html]
[e-commerce-b34262.ingress-erytho.ewp.live/wp-content/plugins/elementor/assets/css/widget-icon-list.min.css]
[e-commerce-b34262.ingress-erytho.ewp.live/product/kryo-x26-mtb-model-k/feed/index.html]
[e-commerce-b34262.ingress-erytho.ewp.live/wp-content/plugins/woocommerce/assets/css/photoswipe/photoswipe.min31dc.css]
[e-commerce-b34262.ingress-erytho.ewp.live/wp-content/plugins/woocommerce/assets/css/photoswipe/default-skin/default-skin.min31dc.css]
[e-commerce-b34262.ingress-erytho.ewp.live/wp-json/wp/v2/product/330.json]
[e-commerce-b34262.ingress-erytho.ewp.live/wp-json/oembed/1.0/embedb858.json]
[e-commerce-b34262.ingress-erytho.ewp.live/wp-json/oembed/1.0/embedb7e8]
[e-commerce-b34262.ingress-erytho.ewp.live/wp-content/uploads/2021/03/OIP-9.jpg]
[e-commerce-b34262.ingress-erytho.ewp.live/wp-includes/js/comment-reply.minf049.js]
[e-commerce-b34262.ingress-erytho.ewp.live/product-category/bicycles/index.html]
[e-commerce-b34262.ingress-erytho.ewp.live/product-category/bicycles/bike/index.html]
[e-commerce-b34262.ingress-erytho.ewp.live/wp-content/plugins/woocommerce/assets/js/zoom/jquery.zoom.min55bb.js]
[e-commerce-b34262.ingress-erytho.ewp.live/wp-content/plugins/woocommerce/assets/js/flexslider/jquery.flexslider.min52d0.js]
[e-commerce-b34262.ingress-erytho.ewp.live/wp-content/plugins/woocommerce/assets/js/photoswipe/photoswipe.min5b68.js]
[e-commerce-b34262.ingress-erytho.ewp.live/wp-content/plugins/woocommerce/assets/js/photoswipe/photoswipe-ui-default.min5b68.js]
[e-commerce-b34262.ingress-erytho.ewp.live/wp-content/plugins/woocommerce/assets/js/frontend/single-product.min31dc.js]
[e-commerce-b34262.ingress-erytho.ewp.live/product/kryo-x26-mtb-model-k/index.html]
[e-commerce-b34262.ingress-erytho.ewp.live/product/kryo-x26-mtb-model-x/feed/index.html]
[e-commerce-b34262.ingress-erytho.ewp.live/wp-json/wp/v2/product/106.json]
[e-commerce-b34262.ingress-erytho.ewp.live/wp-json/oembed/1.0/embedf004.json]
[e-commerce-b34262.ingress-erytho.ewp.live/wp-json/oembed/1.0/embeda7f7]
[e-commerce-b34262.ingress-erytho.ewp.live/wp-content/uploads/2022/06/Honda-Moto-Sports-Wallpaper-600x338.jpg]
[e-commerce-b34262.ingress-erytho.ewp.live/product/kryo-x26-mtb-model-x/index.html]
[e-commerce-b34262.ingress-erytho.ewp.live/wp-json/wp/v2/product/324.json]
[e-commerce-b34262.ingress-erytho.ewp.live/product/kryo-x26-mtb-model-z/feed/index.html]
[e-commerce-b34262.ingress-erytho.ewp.live/wp-json/oembed/1.0/embed11e6.json]
[e-commerce-b34262.ingress-erytho.ewp.live/wp-json/oembed/1.0/embeddc51]
[e-commerce-b34262.ingress-erytho.ewp.live/wp-content/uploads/2021/03/2018-KTM-125-SX1.jpg]
[e-commerce-b34262.ingress-erytho.ewp.live/wp-content/uploads/2021/03/2018-KTM-125-SX1-600x411.jpg]
[e-commerce-b34262.ingress-erytho.ewp.live/product/kryo-x26-mtb-model-z/index.html]
[e-commerce-b34262.ingress-erytho.ewp.live/product/ktm-x26-mtb-model-y/feed/index.html]
[e-commerce-b34262.ingress-erytho.ewp.live/wp-json/wp/v2/product/325.json]
[e-commerce-b34262.ingress-erytho.ewp.live/wp-json/oembed/1.0/embed4ca3.json]
[e-commerce-b34262.ingress-erytho.ewp.live/wp-json/oembed/1.0/embed36a9]
[e-commerce-b34262.ingress-erytho.ewp.live/wp-content/uploads/2021/03/314377a05c4447fabf83aa72fb19a41b.jpg]
[e-commerce-b34262.ingress-erytho.ewp.live/product/ktm-x26-mtb-model-y/index.html]
[e-commerce-b34262.ingress-erytho.ewp.live/wp-content/plugins/elementor/assets/css/widget-icon-box.min.css]
[e-commerce-b34262.ingress-erytho.ewp.live/product/bicycle-gloves-red/feed/index.html]
[e-commerce-b34262.ingress-erytho.ewp.live/wp-json/wp/v2/product/629.json]
[e-commerce-b34262.ingress-erytho.ewp.live/wp-json/oembed/1.0/embed3d55.json]
[e-commerce-b34262.ingress-erytho.ewp.live/wp-json/oembed/1.0/embedb9a4]
[e-commerce-b34262.ingress-erytho.ewp.live/wp-content/uploads/2021/03/2018-KTM-125-SX1-1.jpg]
[e-commerce-b34262.ingress-erytho.ewp.live/product/bicycle-gloves-red/index.html]
[e-commerce-b34262.ingress-erytho.ewp.live/product/bicycle-helmet-red/feed/index.html]
[e-commerce-b34262.ingress-erytho.ewp.live/product-category/accessories/index.html]
[e-commerce-b34262.ingress-erytho.ewp.live/wp-json/wp/v2/product/631.json]
[e-commerce-b34262.ingress-erytho.ewp.live/wp-json/oembed/1.0/embed17bf.json]
[e-commerce-b34262.ingress-erytho.ewp.live/wp-json/oembed/1.0/embed381d]
[e-commerce-b34262.ingress-erytho.ewp.live/wp-content/uploads/2021/04/ec95326e-ea49-4d9f-9a96-8c745df967d6_1.a019ade8c185a9283b1262ecb55265fe.jpg]
[e-commerce-b34262.ingress-erytho.ewp.live/wp-content/uploads/2021/04/ec95326e-ea49-4d9f-9a96-8c745df967d6_1.a019ade8c185a9283b1262ecb55265fe-600x600.jpg]
[e-commerce-b34262.ingress-erytho.ewp.live/wp-content/uploads/2021/04/51vptJ96u8L._SL240_.jpg]
[e-commerce-b34262.ingress-erytho.ewp.live/product/bicycle-helmet-red/index.html]
[e-commerce-b34262.ingress-erytho.ewp.live/product/bicycle-gloves-blue/index.html]
[e-commerce-b34262.ingress-erytho.ewp.live/product/bicycle-helmet-pink/feed/index.html]
[e-commerce-b34262.ingress-erytho.ewp.live/wp-json/wp/v2/product/627.json]
[e-commerce-b34262.ingress-erytho.ewp.live/wp-json/oembed/1.0/embed288b.json]
[e-commerce-b34262.ingress-erytho.ewp.live/product/bicycle-helmet-pink/index.html]
[e-commerce-b34262.ingress-erytho.ewp.live/wp-json/oembed/1.0/embede7cd]
[e-commerce-b34262.ingress-erytho.ewp.live/product/bicycle-helmet-sky-blue/feed/index.html]
[e-commerce-b34262.ingress-erytho.ewp.live/wp-json/wp/v2/product/1090.json]
[e-commerce-b34262.ingress-erytho.ewp.live/wp-json/oembed/1.0/embed3c5c.json]
[e-commerce-b34262.ingress-erytho.ewp.live/wp-json/oembed/1.0/embede1a7]
[e-commerce-b34262.ingress-erytho.ewp.live/wp-content/uploads/2021/04/OIP-11.jpg]
[e-commerce-b34262.ingress-erytho.ewp.live/wp-content/uploads/2021/04/OIP-11-600x600.jpg]
[e-commerce-b34262.ingress-erytho.ewp.live/product/bicycle-helmet-sky-blue/index.html]
[e-commerce-b34262.ingress-erytho.ewp.live/wp-content/plugins/wpforms-lite/assets/images/times-solid-white.svg]
[e-commerce-b34262.ingress-erytho.ewp.live/wp-content/plugins/woocommerce/assets/fonts/star.svg]
[e-commerce-b34262.ingress-erytho.ewp.live/wp-content/plugins/woocommerce/assets/fonts/WooCommerce.svg]
[e-commerce-b34262.ingress-erytho.ewp.live/wp-content/plugins/woocommerce/assets/images/icons/loader.svg]
[e-commerce-b34262.ingress-erytho.ewp.live/wp-content/plugins/woocommerce/assets/images/icons/credit-cards/visa.svg]
[e-commerce-b34262.ingress-erytho.ewp.live/wp-content/plugins/woocommerce/assets/images/icons/credit-cards/mastercard.svg]
[e-commerce-b34262.ingress-erytho.ewp.live/wp-content/plugins/woocommerce/assets/images/icons/credit-cards/laser.svg]
[e-commerce-b34262.ingress-erytho.ewp.live/wp-content/plugins/woocommerce/assets/images/icons/credit-cards/diners.svg]
[e-commerce-b34262.ingress-erytho.ewp.live/wp-content/plugins/woocommerce/assets/images/icons/credit-cards/maestro.svg]
[e-commerce-b34262.ingress-erytho.ewp.live/wp-content/plugins/woocommerce/assets/images/icons/credit-cards/jcb.svg]
[e-commerce-b34262.ingress-erytho.ewp.live/wp-content/plugins/woocommerce/assets/images/icons/credit-cards/amex.svg]
[e-commerce-b34262.ingress-erytho.ewp.live/wp-content/plugins/woocommerce/assets/images/icons/credit-cards/discover.svg]
[e-commerce-b34262.ingress-erytho.ewp.live/wp-content/plugins/elementor/assets/lib/eicons/fonts/eicons5519.svg]
[e-commerce-b34262.ingress-erytho.ewp.live/wp-content/plugins/elementor/assets/lib/font-awesome/webfonts/fa-solid-900.svg]
[e-commerce-b34262.ingress-erytho.ewp.live/wp-content/plugins/elementor/assets/lib/font-awesome/webfonts/fa-regular-400.svg]
[e-commerce-b34262.ingress-erytho.ewp.live/product/hwk-mesh-motorcycle-jacket-riding-air-motorbike-jacket-biker-ce/feed/index.html]
[e-commerce-b34262.ingress-erytho.ewp.live/wp-json/wp/v2/product/2849.json]
[e-commerce-b34262.ingress-erytho.ewp.live/wp-json/oembed/1.0/embed9d91.json]
[e-commerce-b34262.ingress-erytho.ewp.live/wp-json/oembed/1.0/embed2cc6]
[e-commerce-b34262.ingress-erytho.ewp.live/wp-content/uploads/2022/06/51vptJ96u8L._SL240_.jpg]
[e-commerce-b34262.ingress-erytho.ewp.live/wp-content/uploads/2022/06/51vptJ96u8L._SL240_-600x608.jpg]
[e-commerce-b34262.ingress-erytho.ewp.live/product/hwk-mesh-motorcycle-jacket-riding-air-motorbike-jacket-biker-ce/index.html]
[e-commerce-b34262.ingress-erytho.ewp.live/product/bicycle-gloves-yellow/feed/index.html]
[e-commerce-b34262.ingress-erytho.ewp.live/wp-json/wp/v2/product/1091.json]
[e-commerce-b34262.ingress-erytho.ewp.live/wp-json/oembed/1.0/embeda0b6.json]
[e-commerce-b34262.ingress-erytho.ewp.live/wp-json/oembed/1.0/embed0c55]
[e-commerce-b34262.ingress-erytho.ewp.live/wp-content/uploads/2021/04/61Xqb3HwhbL._AC_SX425_.jpg]
[e-commerce-b34262.ingress-erytho.ewp.live/product/bicycle-gloves-yellow/index.html]
[e-commerce-b34262.ingress-erytho.ewp.live/product/bicycle-gloves-pink/feed/index.html]
[e-commerce-b34262.ingress-erytho.ewp.live/wp-json/wp/v2/product/1093.json]
[e-commerce-b34262.ingress-erytho.ewp.live/wp-json/oembed/1.0/embed74bd.json]
[e-commerce-b34262.ingress-erytho.ewp.live/wp-json/oembed/1.0/embeded2d]
[e-commerce-b34262.ingress-erytho.ewp.live/wp-content/uploads/2021/04/il_fullxfull.3998042719_gzk8.webp]
[e-commerce-b34262.ingress-erytho.ewp.live/wp-content/uploads/2021/04/il_fullxfull.3998042719_gzk8-600x600.webp]
[e-commerce-b34262.ingress-erytho.ewp.live/product/bicycle-gloves-pink/index.html]
[e-commerce-b34262.ingress-erytho.ewp.live/product/motorcycle-jacket-mens-riding-hwk-textile-racing-motorbike-hi-vis-biker-ce-armored-waterproof-jackets/feed/index.html]
[e-commerce-b34262.ingress-erytho.ewp.live/wp-json/wp/v2/product/2853.json]
[e-commerce-b34262.ingress-erytho.ewp.live/wp-json/oembed/1.0/embed782b.json]
[e-commerce-b34262.ingress-erytho.ewp.live/wp-json/oembed/1.0/embed5b23]
[e-commerce-b34262.ingress-erytho.ewp.live/wp-content/uploads/2022/06/61Xqb3HwhbL._AC_SX425_.jpg]
[e-commerce-b34262.ingress-erytho.ewp.live/wp-content/uploads/2021/04/OIP-12-1.jpg]
[e-commerce-b34262.ingress-erytho.ewp.live/product/motorcycle-jacket-mens-riding-hwk-textile-racing-motorbike-hi-vis-biker-ce-armored-waterproof-jackets/index.html]
[e-commerce-b34262.ingress-erytho.ewp.live/shop-2/page/2/index.html]
[e-commerce-b34262.ingress-erytho.ewp.live/product/bicycle-helmet-green/index.html]
[e-commerce-b34262.ingress-erytho.ewp.live/wp-content/uploads/2022/06/motorcycle-gang-hd-photos-2.jpg]
[e-commerce-b34262.ingress-erytho.ewp.live/wp-content/uploads/2022/06/OIP-1.jpg]
[e-commerce-b34262.ingress-erytho.ewp.live/wp-content/uploads/2022/06/Antique.jpg]
[e-commerce-b34262.ingress-erytho.ewp.live/wp-content/uploads/2022/06/OIP-2.jpg]
[e-commerce-b34262.ingress-erytho.ewp.live/wp-content/uploads/2022/06/OIP-3.jpg]
[e-commerce-b34262.ingress-erytho.ewp.live/wp-content/uploads/2022/06/DB1237B7-6514-4D19-AFD3-ECB32218F460.jpg]
[e-commerce-b34262.ingress-erytho.ewp.live/wp-content/uploads/2022/06/OIP-4.jpg]
[e-commerce-b34262.ingress-erytho.ewp.live/wp-content/uploads/elementor/css/post-209ca5.css]
[e-commerce-b34262.ingress-erytho.ewp.live/index341b.html]
[e-commerce-b34262.ingress-erytho.ewp.live/wp-content/uploads/elementor/css/post-24da4d.css]
[e-commerce-b34262.ingress-erytho.ewp.live/index2cf9.html]
[e-commerce-b34262.ingress-erytho.ewp.live/wp-content/plugins/woocommerce/assets/css/photoswipe/photoswipe.min31dc.css]
[e-commerce-b34262.ingress-erytho.ewp.live/wp-content/plugins/woocommerce/assets/css/photoswipe/default-skin/default-skin.svg]
[e-commerce-b34262.ingress-erytho.ewp.live/wp-content/plugins/woocommerce/assets/css/photoswipe/default-skin/preloader.gif]
[e-commerce-b34262.ingress-erytho.ewp.live/wp-content/plugins/woocommerce/assets/css/photoswipe/default-skin/default-skin.min31dc.css]
[e-commerce-b34262.ingress-erytho.ewp.live/index1639.html]
[e-commerce-b34262.ingress-erytho.ewp.live/product-category/bicycles/feed/index.html]
[e-commerce-b34262.ingress-erytho.ewp.live/wp-json/wp/v2/product_cat/24.json]
[e-commerce-b34262.ingress-erytho.ewp.live/product-category/bicycles/index.html]
[e-commerce-b34262.ingress-erytho.ewp.live/product-category/bicycles/bike/feed/index.html]
[e-commerce-b34262.ingress-erytho.ewp.live/wp-json/wp/v2/product_cat/30.json]
[e-commerce-b34262.ingress-erytho.ewp.live/product-category/bicycles/bike/index.html]
[e-commerce-b34262.ingress-erytho.ewp.live/index153d.html]
[e-commerce-b34262.ingress-erytho.ewp.live/indexf47a.html]
[e-commerce-b34262.ingress-erytho.ewp.live/indexf175.html]
[e-commerce-b34262.ingress-erytho.ewp.live/indexe703.html]
[e-commerce-b34262.ingress-erytho.ewp.live/product-category/accessories/feed/index.html]
[e-commerce-b34262.ingress-erytho.ewp.live/wp-json/wp/v2/product_cat/23.json]
[e-commerce-b34262.ingress-erytho.ewp.live/product-category/accessories/index.html]
[e-commerce-b34262.ingress-erytho.ewp.live/indexa123.html]
[e-commerce-b34262.ingress-erytho.ewp.live/wp-json/wp/v2/product/1092.json]
[e-commerce-b34262.ingress-erytho.ewp.live/product/bicycle-gloves-blue/feed/index.html]
[e-commerce-b34262.ingress-erytho.ewp.live/wp-json/oembed/1.0/embede41e.json]
[e-commerce-b34262.ingress-erytho.ewp.live/product/bicycle-gloves-blue/index.html]
[e-commerce-b34262.ingress-erytho.ewp.live/indexf763.html]
[e-commerce-b34262.ingress-erytho.ewp.live/indexb357.html]
[e-commerce-b34262.ingress-erytho.ewp.live/index04c9.html]
[e-commerce-b34262.ingress-erytho.ewp.live/index2f6c.html]
[e-commerce-b34262.ingress-erytho.ewp.live/index9a65.html]
[e-commerce-b34262.ingress-erytho.ewp.live/index833d.html]
[e-commerce-b34262.ingress-erytho.ewp.live/wp-json/oembed/1.0/embed2047]
[e-commerce-b34262.ingress-erytho.ewp.live/wp-json/wp/v2/product/1089.json]
[e-commerce-b34262.ingress-erytho.ewp.live/product/bicycle-helmet-green/feed/index.html]
[e-commerce-b34262.ingress-erytho.ewp.live/wp-json/oembed/1.0/embede7ad.json]
[e-commerce-b34262.ingress-erytho.ewp.live/wp-json/oembed/1.0/embedbd06]
[e-commerce-b34262.ingress-erytho.ewp.live/product/bicycle-helmet-green/index.html]
[e-commerce-b34262.ingress-erytho.ewp.live/shop-2/page/1/index.html]
[e-commerce-b34262.ingress-erytho.ewp.live/wp-content/plugins/woocommerce/assets/css/photoswipe/default-skin/default-skin.svg]
[e-commerce-b34262.ingress-erytho.ewp.live/index3b75.html]
[e-commerce-b34262.ingress-erytho.ewp.live/indexf8dc.html]
